scanned /Users/lucian/Projects/personal/eda-assurance/.targets/federation-organization-example
extractors: eventcatalog, asyncapi
contracts: 88
findings: 36
wrote /Users/lucian/Projects/personal/eda-assurance/reports/public/federation-organization-example/topology.yaml
wrote /Users/lucian/Projects/personal/eda-assurance/reports/public/federation-organization-example/findings.md

- [high] EDA-orphan-consumer CancelOrder
- [medium] EDA-orphan-producer cart-checked-out
- [medium] EDA-orphan-producer category-changed
- [medium] EDA-orphan-producer coupon-redeemed
- [high] EDA-orphan-consumer CreateOrder
- [medium] EDA-orphan-producer customer-address-changed
- [medium] EDA-orphan-producer customer-authenticated
- [medium] EDA-orphan-producer customer-registered
- [medium] EDA-orphan-producer customer-updated
- [medium] EDA-orphan-producer deployment-completed
- [medium] EDA-orphan-producer discount-calculated
- [medium] EDA-orphan-producer fraud-check-failed
- [medium] EDA-orphan-producer fraud-check-passed
- [medium] EDA-orphan-producer inventory-reserved
- [medium] EDA-orphan-producer inventory-unavailable
- [medium] EDA-orphan-producer order-cancelled
- [medium] EDA-orphan-producer order-created
- [medium] EDA-orphan-producer order-packed
- [medium] EDA-orphan-producer OrderCancelled
- [medium] EDA-orphan-producer OrderCompleted
- [medium] EDA-orphan-producer OrderCreated
- [medium] EDA-orphan-producer price-changed
- [medium] EDA-orphan-producer rating-updated
- [medium] EDA-orphan-producer refund-processed
- [medium] EDA-orphan-producer review-helpful-voted
- [medium] EDA-orphan-producer review-rejected
- [high] EDA-orphan-consumer ReviewFlagged
- [medium] EDA-orphan-producer ReviewPublished
- [medium] EDA-orphan-producer ReviewRejected
- [high] EDA-orphan-consumer ReviewSubmitted
- [medium] EDA-orphan-producer runtime-provisioned
- [medium] EDA-orphan-producer service-scaffolded
- [medium] EDA-orphan-producer service-slo-breached
- [medium] EDA-orphan-producer shipment-created
- [medium] EDA-orphan-producer shipment-delivered
- [medium] EDA-orphan-producer shipment-failed
